// Jest Snapshot v1, https://goo.gl/fbAQLP

exports[`index.js run error callback should log and reject with error 1`] = `
Array [
  Array [
    "[34m[WEBPACK][39m Building [33m1[39m target",
  ],
  Array [
    "%s Build failed after %s seconds",
    "[31m[WEBPACK][39m",
    "[34m0.3[39m",
  ],
]
`;

exports[`index.js run should reject promise config cannot get loaded 1`] = `
"Error: [31m[WEBPACK][39m Could not load configuration file [4m./does/not/exist.js[24m
Error: Cannot find module './does/not/exist.js' from 'loadConfigurationFile.js'"
`;

exports[`index.js run should reject promise if options validation fails 1`] = `
Array [
  [Error: Options validation failed:
Property: "options.maxConcurrentWorkers" should be number],
]
`;

exports[`index.js run shutdownCallback should call end  and remove callback 1`] = `
Array [
  Array [
    "[34m[WEBPACK][39m Building [33m1[39m target",
  ],
  Array [
    "[31m[WEBPACK][39m Forcefully shutting down",
  ],
]
`;

exports[`index.js run then callback should filter non-truthy and return results 1`] = `
Array [
  Array [
    "[34m[WEBPACK][39m Building [33m1[39m target",
  ],
  Array [
    "%s Finished build after %s seconds",
    "[34m[WEBPACK][39m",
    "[34m29.7[39m",
  ],
]
`;
